// Jest Snapshot v1, https://goo.gl/fbAQLP

exports[`renders the UI as expected 1`] = `
<li
  className="message"
>
  <span
    className="participant-name"
  >
    Koren Templeton
  </span>
  <span
    className="event-text"
  />
</li>
`;
